  Determinando los proyectos que se van a restaurar...
  Todos los proyectos est├ín actualizados para la restauraci├│n.
C:\Program Files\dotnet\sdk\9.0.308\Microsoft.Common.CurrentVersion.targets(5394,5): warning MSB3026: No se pudo copiar "G:\Proyecto-Tablets\ProduccionUnificado\backend\obj\Debug\net9.0\apphost.exe" en "bin\Debug\net9.0\TiempoProcesos.API.exe". Se iniciar├í el reintento 1 dentro de 1000ms. The process cannot access the file 'G:\Proyecto-Tablets\ProduccionUnificado\backend\bin\Debug\net9.0\TiempoProcesos.API.exe' because it is being used by another process. El archivo se ha bloqueado por: "TiempoProcesos.API (76944)" [G:\Proyecto-Tablets\ProduccionUnificado\backend\TiempoProcesos.API.csproj]
C:\Program Files\dotnet\sdk\9.0.308\Microsoft.Common.CurrentVersion.targets(5394,5): warning MSB3026: No se pudo copiar "G:\Proyecto-Tablets\ProduccionUnificado\backend\obj\Debug\net9.0\apphost.exe" en "bin\Debug\net9.0\TiempoProcesos.API.exe". Se iniciar├í el reintento 2 dentro de 1000ms. The process cannot access the file 'G:\Proyecto-Tablets\ProduccionUnificado\backend\bin\Debug\net9.0\TiempoProcesos.API.exe' because it is being used by another process. El archivo se ha bloqueado por: "TiempoProcesos.API (76944)" [G:\Proyecto-Tablets\ProduccionUnificado\backend\TiempoProcesos.API.csproj]
C:\Program Files\dotnet\sdk\9.0.308\Microsoft.Common.CurrentVersion.targets(5394,5): warning MSB3026: No se pudo copiar "G:\Proyecto-Tablets\ProduccionUnificado\backend\obj\Debug\net9.0\apphost.exe" en "bin\Debug\net9.0\TiempoProcesos.API.exe". Se iniciar├í el reintento 3 dentro de 1000ms. The process cannot access the file 'G:\Proyecto-Tablets\ProduccionUnificado\backend\bin\Debug\net9.0\TiempoProcesos.API.exe' because it is being used by another process. El archivo se ha bloqueado por: "TiempoProcesos.API (76944)" [G:\Proyecto-Tablets\ProduccionUnificado\backend\TiempoProcesos.API.csproj]
C:\Program Files\dotnet\sdk\9.0.308\Microsoft.Common.CurrentVersion.targets(5394,5): warning MSB3026: No se pudo copiar "G:\Proyecto-Tablets\ProduccionUnificado\backend\obj\Debug\net9.0\apphost.exe" en "bin\Debug\net9.0\TiempoProcesos.API.exe". Se iniciar├í el reintento 4 dentro de 1000ms. The process cannot access the file 'G:\Proyecto-Tablets\ProduccionUnificado\backend\bin\Debug\net9.0\TiempoProcesos.API.exe' because it is being used by another process. El archivo se ha bloqueado por: "TiempoProcesos.API (76944)" [G:\Proyecto-Tablets\ProduccionUnificado\backend\TiempoProcesos.API.csproj]
C:\Program Files\dotnet\sdk\9.0.308\Microsoft.Common.CurrentVersion.targets(5394,5): warning MSB3026: No se pudo copiar "G:\Proyecto-Tablets\ProduccionUnificado\backend\obj\Debug\net9.0\apphost.exe" en "bin\Debug\net9.0\TiempoProcesos.API.exe". Se iniciar├í el reintento 5 dentro de 1000ms. The process cannot access the file 'G:\Proyecto-Tablets\ProduccionUnificado\backend\bin\Debug\net9.0\TiempoProcesos.API.exe' because it is being used by another process. El archivo se ha bloqueado por: "TiempoProcesos.API (76944)" [G:\Proyecto-Tablets\ProduccionUnificado\backend\TiempoProcesos.API.csproj]
C:\Program Files\dotnet\sdk\9.0.308\Microsoft.Common.CurrentVersion.targets(5394,5): warning MSB3026: No se pudo copiar "G:\Proyecto-Tablets\ProduccionUnificado\backend\obj\Debug\net9.0\apphost.exe" en "bin\Debug\net9.0\TiempoProcesos.API.exe". Se iniciar├í el reintento 6 dentro de 1000ms. The process cannot access the file 'G:\Proyecto-Tablets\ProduccionUnificado\backend\bin\Debug\net9.0\TiempoProcesos.API.exe' because it is being used by another process. El archivo se ha bloqueado por: "TiempoProcesos.API (76944)" [G:\Proyecto-Tablets\ProduccionUnificado\backend\TiempoProcesos.API.csproj]
C:\Program Files\dotnet\sdk\9.0.308\Microsoft.Common.CurrentVersion.targets(5394,5): warning MSB3026: No se pudo copiar "G:\Proyecto-Tablets\ProduccionUnificado\backend\obj\Debug\net9.0\apphost.exe" en "bin\Debug\net9.0\TiempoProcesos.API.exe". Se iniciar├í el reintento 7 dentro de 1000ms. The process cannot access the file 'G:\Proyecto-Tablets\ProduccionUnificado\backend\bin\Debug\net9.0\TiempoProcesos.API.exe' because it is being used by another process. El archivo se ha bloqueado por: "TiempoProcesos.API (76944)" [G:\Proyecto-Tablets\ProduccionUnificado\backend\TiempoProcesos.API.csproj]
C:\Program Files\dotnet\sdk\9.0.308\Microsoft.Common.CurrentVersion.targets(5394,5): warning MSB3026: No se pudo copiar "G:\Proyecto-Tablets\ProduccionUnificado\backend\obj\Debug\net9.0\apphost.exe" en "bin\Debug\net9.0\TiempoProcesos.API.exe". Se iniciar├í el reintento 8 dentro de 1000ms. The process cannot access the file 'G:\Proyecto-Tablets\ProduccionUnificado\backend\bin\Debug\net9.0\TiempoProcesos.API.exe' because it is being used by another process. El archivo se ha bloqueado por: "TiempoProcesos.API (76944)" [G:\Proyecto-Tablets\ProduccionUnificado\backend\TiempoProcesos.API.csproj]
C:\Program Files\dotnet\sdk\9.0.308\Microsoft.Common.CurrentVersion.targets(5394,5): warning MSB3026: No se pudo copiar "G:\Proyecto-Tablets\ProduccionUnificado\backend\obj\Debug\net9.0\apphost.exe" en "bin\Debug\net9.0\TiempoProcesos.API.exe". Se iniciar├í el reintento 9 dentro de 1000ms. The process cannot access the file 'G:\Proyecto-Tablets\ProduccionUnificado\backend\bin\Debug\net9.0\TiempoProcesos.API.exe' because it is being used by another process. El archivo se ha bloqueado por: "TiempoProcesos.API (76944)" [G:\Proyecto-Tablets\ProduccionUnificado\backend\TiempoProcesos.API.csproj]
C:\Program Files\dotnet\sdk\9.0.308\Microsoft.Common.CurrentVersion.targets(5394,5): warning MSB3026: No se pudo copiar "G:\Proyecto-Tablets\ProduccionUnificado\backend\obj\Debug\net9.0\apphost.exe" en "bin\Debug\net9.0\TiempoProcesos.API.exe". Se iniciar├í el reintento 10 dentro de 1000ms. The process cannot access the file 'G:\Proyecto-Tablets\ProduccionUnificado\backend\bin\Debug\net9.0\TiempoProcesos.API.exe' because it is being used by another process. El archivo se ha bloqueado por: "TiempoProcesos.API (76944)" [G:\Proyecto-Tablets\ProduccionUnificado\backend\TiempoProcesos.API.csproj]
C:\Program Files\dotnet\sdk\9.0.308\Microsoft.Common.CurrentVersion.targets(5394,5): error MSB3027: No se pudo copiar "G:\Proyecto-Tablets\ProduccionUnificado\backend\obj\Debug\net9.0\apphost.exe" en "bin\Debug\net9.0\TiempoProcesos.API.exe". Se super├│ el n├║mero de 10 reintentos. Error. El archivo se ha bloqueado por: "TiempoProcesos.API (76944)" [G:\Proyecto-Tablets\ProduccionUnificado\backend\TiempoProcesos.API.csproj]
C:\Program Files\dotnet\sdk\9.0.308\Microsoft.Common.CurrentVersion.targets(5394,5): error MSB3021: No se puede copiar "G:\Proyecto-Tablets\ProduccionUnificado\backend\obj\Debug\net9.0\apphost.exe" en "bin\Debug\net9.0\TiempoProcesos.API.exe". The process cannot access the file 'G:\Proyecto-Tablets\ProduccionUnificado\backend\bin\Debug\net9.0\TiempoProcesos.API.exe' because it is being used by another process. [G:\Proyecto-Tablets\ProduccionUnificado\backend\TiempoProcesos.API.csproj]

ERROR al compilar.

C:\Program Files\dotnet\sdk\9.0.308\Microsoft.Common.CurrentVersion.targets(5394,5): warning MSB3026: No se pudo copiar "G:\Proyecto-Tablets\ProduccionUnificado\backend\obj\Debug\net9.0\apphost.exe" en "bin\Debug\net9.0\TiempoProcesos.API.exe". Se iniciar├í el reintento 1 dentro de 1000ms. The process cannot access the file 'G:\Proyecto-Tablets\ProduccionUnificado\backend\bin\Debug\net9.0\TiempoProcesos.API.exe' because it is being used by another process. El archivo se ha bloqueado por: "TiempoProcesos.API (76944)" [G:\Proyecto-Tablets\ProduccionUnificado\backend\TiempoProcesos.API.csproj]
C:\Program Files\dotnet\sdk\9.0.308\Microsoft.Common.CurrentVersion.targets(5394,5): warning MSB3026: No se pudo copiar "G:\Proyecto-Tablets\ProduccionUnificado\backend\obj\Debug\net9.0\apphost.exe" en "bin\Debug\net9.0\TiempoProcesos.API.exe". Se iniciar├í el reintento 2 dentro de 1000ms. The process cannot access the file 'G:\Proyecto-Tablets\ProduccionUnificado\backend\bin\Debug\net9.0\TiempoProcesos.API.exe' because it is being used by another process. El archivo se ha bloqueado por: "TiempoProcesos.API (76944)" [G:\Proyecto-Tablets\ProduccionUnificado\backend\TiempoProcesos.API.csproj]
C:\Program Files\dotnet\sdk\9.0.308\Microsoft.Common.CurrentVersion.targets(5394,5): warning MSB3026: No se pudo copiar "G:\Proyecto-Tablets\ProduccionUnificado\backend\obj\Debug\net9.0\apphost.exe" en "bin\Debug\net9.0\TiempoProcesos.API.exe". Se iniciar├í el reintento 3 dentro de 1000ms. The process cannot access the file 'G:\Proyecto-Tablets\ProduccionUnificado\backend\bin\Debug\net9.0\TiempoProcesos.API.exe' because it is being used by another process. El archivo se ha bloqueado por: "TiempoProcesos.API (76944)" [G:\Proyecto-Tablets\ProduccionUnificado\backend\TiempoProcesos.API.csproj]
C:\Program Files\dotnet\sdk\9.0.308\Microsoft.Common.CurrentVersion.targets(5394,5): warning MSB3026: No se pudo copiar "G:\Proyecto-Tablets\ProduccionUnificado\backend\obj\Debug\net9.0\apphost.exe" en "bin\Debug\net9.0\TiempoProcesos.API.exe". Se iniciar├í el reintento 4 dentro de 1000ms. The process cannot access the file 'G:\Proyecto-Tablets\ProduccionUnificado\backend\bin\Debug\net9.0\TiempoProcesos.API.exe' because it is being used by another process. El archivo se ha bloqueado por: "TiempoProcesos.API (76944)" [G:\Proyecto-Tablets\ProduccionUnificado\backend\TiempoProcesos.API.csproj]
C:\Program Files\dotnet\sdk\9.0.308\Microsoft.Common.CurrentVersion.targets(5394,5): warning MSB3026: No se pudo copiar "G:\Proyecto-Tablets\ProduccionUnificado\backend\obj\Debug\net9.0\apphost.exe" en "bin\Debug\net9.0\TiempoProcesos.API.exe". Se iniciar├í el reintento 5 dentro de 1000ms. The process cannot access the file 'G:\Proyecto-Tablets\ProduccionUnificado\backend\bin\Debug\net9.0\TiempoProcesos.API.exe' because it is being used by another process. El archivo se ha bloqueado por: "TiempoProcesos.API (76944)" [G:\Proyecto-Tablets\ProduccionUnificado\backend\TiempoProcesos.API.csproj]
C:\Program Files\dotnet\sdk\9.0.308\Microsoft.Common.CurrentVersion.targets(5394,5): warning MSB3026: No se pudo copiar "G:\Proyecto-Tablets\ProduccionUnificado\backend\obj\Debug\net9.0\apphost.exe" en "bin\Debug\net9.0\TiempoProcesos.API.exe". Se iniciar├í el reintento 6 dentro de 1000ms. The process cannot access the file 'G:\Proyecto-Tablets\ProduccionUnificado\backend\bin\Debug\net9.0\TiempoProcesos.API.exe' because it is being used by another process. El archivo se ha bloqueado por: "TiempoProcesos.API (76944)" [G:\Proyecto-Tablets\ProduccionUnificado\backend\TiempoProcesos.API.csproj]
C:\Program Files\dotnet\sdk\9.0.308\Microsoft.Common.CurrentVersion.targets(5394,5): warning MSB3026: No se pudo copiar "G:\Proyecto-Tablets\ProduccionUnificado\backend\obj\Debug\net9.0\apphost.exe" en "bin\Debug\net9.0\TiempoProcesos.API.exe". Se iniciar├í el reintento 7 dentro de 1000ms. The process cannot access the file 'G:\Proyecto-Tablets\ProduccionUnificado\backend\bin\Debug\net9.0\TiempoProcesos.API.exe' because it is being used by another process. El archivo se ha bloqueado por: "TiempoProcesos.API (76944)" [G:\Proyecto-Tablets\ProduccionUnificado\backend\TiempoProcesos.API.csproj]
C:\Program Files\dotnet\sdk\9.0.308\Microsoft.Common.CurrentVersion.targets(5394,5): warning MSB3026: No se pudo copiar "G:\Proyecto-Tablets\ProduccionUnificado\backend\obj\Debug\net9.0\apphost.exe" en "bin\Debug\net9.0\TiempoProcesos.API.exe". Se iniciar├í el reintento 8 dentro de 1000ms. The process cannot access the file 'G:\Proyecto-Tablets\ProduccionUnificado\backend\bin\Debug\net9.0\TiempoProcesos.API.exe' because it is being used by another process. El archivo se ha bloqueado por: "TiempoProcesos.API (76944)" [G:\Proyecto-Tablets\ProduccionUnificado\backend\TiempoProcesos.API.csproj]
C:\Program Files\dotnet\sdk\9.0.308\Microsoft.Common.CurrentVersion.targets(5394,5): warning MSB3026: No se pudo copiar "G:\Proyecto-Tablets\ProduccionUnificado\backend\obj\Debug\net9.0\apphost.exe" en "bin\Debug\net9.0\TiempoProcesos.API.exe". Se iniciar├í el reintento 9 dentro de 1000ms. The process cannot access the file 'G:\Proyecto-Tablets\ProduccionUnificado\backend\bin\Debug\net9.0\TiempoProcesos.API.exe' because it is being used by another process. El archivo se ha bloqueado por: "TiempoProcesos.API (76944)" [G:\Proyecto-Tablets\ProduccionUnificado\backend\TiempoProcesos.API.csproj]
C:\Program Files\dotnet\sdk\9.0.308\Microsoft.Common.CurrentVersion.targets(5394,5): warning MSB3026: No se pudo copiar "G:\Proyecto-Tablets\ProduccionUnificado\backend\obj\Debug\net9.0\apphost.exe" en "bin\Debug\net9.0\TiempoProcesos.API.exe". Se iniciar├í el reintento 10 dentro de 1000ms. The process cannot access the file 'G:\Proyecto-Tablets\ProduccionUnificado\backend\bin\Debug\net9.0\TiempoProcesos.API.exe' because it is being used by another process. El archivo se ha bloqueado por: "TiempoProcesos.API (76944)" [G:\Proyecto-Tablets\ProduccionUnificado\backend\TiempoProcesos.API.csproj]
C:\Program Files\dotnet\sdk\9.0.308\Microsoft.Common.CurrentVersion.targets(5394,5): error MSB3027: No se pudo copiar "G:\Proyecto-Tablets\ProduccionUnificado\backend\obj\Debug\net9.0\apphost.exe" en "bin\Debug\net9.0\TiempoProcesos.API.exe". Se super├│ el n├║mero de 10 reintentos. Error. El archivo se ha bloqueado por: "TiempoProcesos.API (76944)" [G:\Proyecto-Tablets\ProduccionUnificado\backend\TiempoProcesos.API.csproj]
C:\Program Files\dotnet\sdk\9.0.308\Microsoft.Common.CurrentVersion.targets(5394,5): error MSB3021: No se puede copiar "G:\Proyecto-Tablets\ProduccionUnificado\backend\obj\Debug\net9.0\apphost.exe" en "bin\Debug\net9.0\TiempoProcesos.API.exe". The process cannot access the file 'G:\Proyecto-Tablets\ProduccionUnificado\backend\bin\Debug\net9.0\TiempoProcesos.API.exe' because it is being used by another process. [G:\Proyecto-Tablets\ProduccionUnificado\backend\TiempoProcesos.API.csproj]
    10 Advertencia(s)
    2 Errores

Tiempo transcurrido 00:00:15.46
